asteroid.ice.hp_mult default=1.0 min=0.1 max=10.0 FloatKnob NEW_SPAWNS "Asteroids/Types/Ice"
asteroid.ice.spawn_weight default=3.0 min=0.0 max=20.0 IntKnob LIVE "Asteroids/Types/Ice"
asteroid.ice.speed_mult default=1.5 min=0.15 max=15.0 FloatKnob NEW_SPAWNS "Asteroids/Types/Ice"
asteroid.ice.split_max default=4.0 min=0.0 max=12.0 IntKnob LIVE "Asteroids/Types/Splitting"
asteroid.ice.split_min default=3.0 min=0.0 max=12.0 IntKnob LIVE "Asteroids/Types/Splitting"
asteroid.ice.unlock_seconds default=60.0 min=0.0 max=1200.0 FloatKnob LIVE "Asteroids/Types/Ice"
asteroid.large.hp default=50.0 min=5.0 max=500.0 FloatKnob NEW_SPAWNS "Asteroids/Sizes/Large"
asteroid.large.magnetic_pull_factor default=1.5 min=0.15 max=15.0 FloatKnob LIVE "Asteroids/Sizes/Large"
asteroid.large.radius default=50.0 min=12.5 max=200.0 FloatKnob NEW_SPAWNS "Asteroids/Sizes/Large"
asteroid.large.speed_factor default=0.8 min=0.08 max=8.0 FloatKnob NEW_SPAWNS "Asteroids/Sizes/Large"
asteroid.large.trail_damage default=15.0 min=1.5 max=150.0 FloatKnob LIVE "Asteroids/Sizes/Large"
asteroid.large.trail_lifetime default=4.0 min=0.4 max=40.0 FloatKnob LIVE "Asteroids/Sizes/Large"
asteroid.large.trail_width default=12.0 min=1.2 max=120.0 FloatKnob LIVE "Asteroids/Sizes/Large"
asteroid.magnetic.hp_mult default=1.0 min=0.1 max=10.0 FloatKnob NEW_SPAWNS "Asteroids/Types/Magnetic"
asteroid.magnetic.pull_range default=600.0 min=60.0 max=6000.0 FloatKnob LIVE "Asteroids/Types/Magnetic"
asteroid.magnetic.pull_strength default=250.0 min=25.0 max=2500.0 FloatKnob LIVE "Asteroids/Types/Magnetic"
asteroid.magnetic.spawn_weight default=1.0 min=0.0 max=20.0 IntKnob LIVE "Asteroids/Types/Magnetic"
asteroid.magnetic.speed_mult default=0.4 min=0.04 max=4.0 FloatKnob NEW_SPAWNS "Asteroids/Types/Magnetic"
asteroid.magnetic.unlock_seconds default=240.0 min=0.0 max=1200.0 FloatKnob LIVE "Asteroids/Types/Magnetic"
asteroid.medium.hp default=25.0 min=2.5 max=250.0 FloatKnob NEW_SPAWNS "Asteroids/Sizes/Medium"
asteroid.medium.magnetic_pull_factor default=1.0 min=0.1 max=10.0 FloatKnob LIVE "Asteroids/Sizes/Medium"
asteroid.medium.radius default=30.0 min=7.5 max=120.0 FloatKnob NEW_SPAWNS "Asteroids/Sizes/Medium"
asteroid.medium.speed_factor default=1.2 min=0.120000005 max=12.0 FloatKnob NEW_SPAWNS "Asteroids/Sizes/Medium"
asteroid.medium.trail_damage default=8.0 min=0.8 max=80.0 FloatKnob LIVE "Asteroids/Sizes/Medium"
asteroid.medium.trail_lifetime default=2.5 min=0.25 max=25.0 FloatKnob LIVE "Asteroids/Sizes/Medium"
asteroid.medium.trail_width default=6.0 min=0.6 max=60.0 FloatKnob LIVE "Asteroids/Sizes/Medium"
asteroid.metal.hp_mult default=2.0 min=0.2 max=20.0 FloatKnob NEW_SPAWNS "Asteroids/Types/Metal"
asteroid.metal.spawn_weight default=2.0 min=0.0 max=20.0 IntKnob LIVE "Asteroids/Types/Metal"
asteroid.metal.speed_mult default=0.6 min=0.060000002 max=6.0 FloatKnob NEW_SPAWNS "Asteroids/Types/Metal"
asteroid.metal.unlock_seconds default=120.0 min=0.0 max=1200.0 FloatKnob LIVE "Asteroids/Types/Metal"
asteroid.rock.hp_mult default=1.0 min=0.1 max=10.0 FloatKnob NEW_SPAWNS "Asteroids/Types/Rock"
asteroid.rock.spawn_weight default=5.0 min=0.0 max=20.0 IntKnob LIVE "Asteroids/Types/Rock"
asteroid.rock.speed_mult default=1.0 min=0.1 max=10.0 FloatKnob NEW_SPAWNS "Asteroids/Types/Rock"
asteroid.small.hp default=10.0 min=1.0 max=100.0 FloatKnob NEW_SPAWNS "Asteroids/Sizes/Small"
asteroid.small.magnetic_pull_factor default=0.5 min=0.05 max=5.0 FloatKnob LIVE "Asteroids/Sizes/Small"
asteroid.small.radius default=15.0 min=3.75 max=60.0 FloatKnob NEW_SPAWNS "Asteroids/Sizes/Small"
asteroid.small.speed_factor default=1.6 min=0.16 max=16.0 FloatKnob NEW_SPAWNS "Asteroids/Sizes/Small"
asteroid.small.trail_damage default=3.0 min=0.3 max=30.0 FloatKnob LIVE "Asteroids/Sizes/Small"
asteroid.small.trail_lifetime default=1.5 min=0.15 max=15.0 FloatKnob LIVE "Asteroids/Sizes/Small"
asteroid.small.trail_width default=3.0 min=0.3 max=30.0 FloatKnob LIVE "Asteroids/Sizes/Small"
asteroid.split_count default=2.0 min=0.0 max=8.0 IntKnob LIVE "Asteroids/Types/Splitting"
asteroid.trail.hp_mult default=1.0 min=0.1 max=10.0 FloatKnob NEW_SPAWNS "Asteroids/Types/Trail"
asteroid.trail.spawn_weight default=2.0 min=0.0 max=20.0 IntKnob LIVE "Asteroids/Types/Trail"
asteroid.trail.speed_mult default=1.0 min=0.1 max=10.0 FloatKnob NEW_SPAWNS "Asteroids/Types/Trail"
asteroid.trail.unlock_seconds default=300.0 min=0.0 max=1200.0 FloatKnob LIVE "Asteroids/Types/Trail"
asteroid.volatile.blast_damage_factor default=1.5 min=0.15 max=15.0 FloatKnob LIVE "Asteroids/Types/Volatile"
asteroid.volatile.blast_radius_factor default=3.0 min=0.3 max=30.0 FloatKnob LIVE "Asteroids/Types/Volatile"
asteroid.volatile.hp_mult default=1.0 min=0.1 max=10.0 FloatKnob NEW_SPAWNS "Asteroids/Types/Volatile"
asteroid.volatile.spawn_weight default=2.0 min=0.0 max=20.0 IntKnob LIVE "Asteroids/Types/Volatile"
asteroid.volatile.speed_mult default=1.0 min=0.1 max=10.0 FloatKnob NEW_SPAWNS "Asteroids/Types/Volatile"
asteroid.volatile.unlock_seconds default=180.0 min=0.0 max=1200.0 FloatKnob LIVE "Asteroids/Types/Volatile"
autonomous_ace.count default=5.0 min=1.0 max=20.0 IntKnob LIVE "Weapons/Autonomous Ace"
autonomous_ace.damage default=45.0 min=4.5 max=450.0 FloatKnob LIVE "Weapons/Autonomous Ace"
autonomous_ace.homing default=2.5 min=0.25 max=25.0 FloatKnob LIVE "Weapons/Autonomous Ace"
autonomous_ace.lifetime default=4.0 min=0.4 max=40.0 FloatKnob LIVE "Weapons/Autonomous Ace"
autonomous_ace.rate default=1.0 min=0.5 max=1.0 EvoRateKnob LIVE "Weapons/Autonomous Ace"
autonomous_ace.speed default=500.0 min=125.0 max=2000.0 FloatKnob LIVE "Weapons/Autonomous Ace"
cluster_bomb.area default=1.0 min=0.25 max=4.0 FloatKnob LIVE "Weapons/Cluster Bomb"
cluster_bomb.bomblet_frac default=0.3 min=0.030000001 max=3.0 FloatKnob LIVE "Weapons/Cluster Bomb"
cluster_bomb.bomblet_radius_frac default=0.6 min=0.060000002 max=6.0 FloatKnob LIVE "Weapons/Cluster Bomb"
cluster_bomb.bomblets default=2.0 min=0.0 max=20.0 IntKnob LIVE "Weapons/Cluster Bomb"
cluster_bomb.cooldown default=16.0 min=1.0 max=32.0 SixteenthsKnob LIVE "Weapons/Cluster Bomb"
cluster_bomb.count default=1.0 min=1.0 max=12.0 IntKnob LIVE "Weapons/Cluster Bomb"
cluster_bomb.damage default=60.0 min=6.0 max=600.0 FloatKnob LIVE "Weapons/Cluster Bomb"
cluster_bomb.explosion_frac default=0.3 min=0.030000001 max=3.0 FloatKnob LIVE "Weapons/Cluster Bomb"
cluster_bomb.explosion_radius default=80.0 min=8.0 max=800.0 FloatKnob LIVE "Weapons/Cluster Bomb"
cluster_bomb.fan default=0.2 min=0.02 max=2.0 FloatKnob LIVE "Weapons/Cluster Bomb"
cluster_bomb.fragment_frac default=0.15 min=0.015000001 max=1.5 FloatKnob LIVE "Weapons/Cluster Bomb"
cluster_bomb.lifetime default=6.0 min=0.6 max=60.0 FloatKnob LIVE "Weapons/Cluster Bomb"
cluster_bomb.speed default=200.0 min=50.0 max=800.0 FloatKnob LIVE "Weapons/Cluster Bomb"
cryo_field.base_radius default=100.0 min=10.0 max=1000.0 FloatKnob LIVE "Passives/Cryo Field"
cryo_field.radius_per_stack default=0.25 min=0.025 max=2.5 FloatKnob ON_EDITOR_CLOSE "Passives/Cryo Field"
cryo_field.slow default=0.5 min=0.0 max=0.9 FloatKnob ON_EDITOR_CLOSE "Passives/Cryo Field"
drone.damage default=5.0 min=0.5 max=50.0 FloatKnob LIVE "Passives/Combat Drone"
drone.evolved_damage default=45.0 min=4.5 max=450.0 FloatKnob LIVE "Passives/Combat Drone"
drone.evolved_fire_rate default=2.0 min=0.2 max=20.0 FloatKnob LIVE "Passives/Combat Drone"
drone.evolved_homing default=2.5 min=0.25 max=25.0 FloatKnob LIVE "Passives/Combat Drone"
drone.evolved_speed default=500.0 min=100.0 max=2000.0 FloatKnob LIVE "Passives/Combat Drone"
drone.fire_rate default=1.2 min=0.120000005 max=12.0 FloatKnob LIVE "Passives/Combat Drone"
drone.speed default=450.0 min=100.0 max=1800.0 FloatKnob LIVE "Passives/Combat Drone"
drone.spread default=0.15 min=0.015000001 max=1.5 FloatKnob LIVE "Passives/Combat Drone"
drops.baseline_chance default=0.05 min=0.0 max=1.0 FloatKnob LIVE "Drops"
drops.cooldown default=20.0 min=0.0 max=120.0 FloatKnob LIVE "Drops"
drops.decay_per_pickup default=0.01 min=0.0 max=0.2 FloatKnob LIVE "Drops"
drops.diamond_chance default=0.05 min=0.0 max=1.0 FloatKnob LIVE "Drops"
drops.early_cooldown default=14.0 min=0.0 max=120.0 FloatKnob LIVE "Drops"
drops.initial_chance default=0.1 min=0.0 max=1.0 FloatKnob LIVE "Drops"
duplicator_core.extra_projectiles default=1.0 min=0.0 max=10.0 IntKnob ON_EDITOR_CLOSE "Passives/Duplicator Core"
energy_saw.damage default=8.0 min=0.8 max=80.0 FloatKnob LIVE "Weapons/Energy Saw"
energy_saw.damage_per_level default=1.0 min=0.0 max=20.0 FloatKnob LIVE "Weapons/Energy Saw"
energy_saw.disc_radius_l1 default=20.0 min=2.0 max=200.0 FloatKnob LIVE "Weapons/Energy Saw"
energy_saw.disc_radius_l2 default=28.0 min=2.8 max=280.0 FloatKnob LIVE "Weapons/Energy Saw"
energy_saw.disc_radius_l3 default=36.0 min=3.6 max=360.0 FloatKnob LIVE "Weapons/Energy Saw"
energy_saw.disc_radius_l4 default=45.0 min=4.5 max=450.0 FloatKnob LIVE "Weapons/Energy Saw"
energy_saw.disc_radius_l5 default=55.0 min=5.5 max=550.0 FloatKnob LIVE "Weapons/Energy Saw"
energy_saw.reach_l1 default=80.0 min=8.0 max=800.0 FloatKnob LIVE "Weapons/Energy Saw"
energy_saw.reach_l2 default=90.0 min=9.0 max=900.0 FloatKnob LIVE "Weapons/Energy Saw"
energy_saw.reach_l3 default=100.0 min=10.0 max=1000.0 FloatKnob LIVE "Weapons/Energy Saw"
energy_saw.reach_l4 default=112.0 min=11.2 max=1120.0 FloatKnob LIVE "Weapons/Energy Saw"
energy_saw.reach_l5 default=125.0 min=12.5 max=1250.0 FloatKnob LIVE "Weapons/Energy Saw"
energy_saw.tick_ms default=100.0 min=20.0 max=1000.0 IntKnob LIVE "Weapons/Energy Saw"
field.base_speed default=80.0 min=8.0 max=800.0 FloatKnob NEW_SPAWNS "Asteroids/Field/Spawning"
field.contact_damage default=20.0 min=2.0 max=200.0 FloatKnob NEW_SPAWNS "Asteroids/Field/Spawning"
field.damage_ramp_max default=100.0 min=0.0 max=1000.0 FloatKnob NEW_SPAWNS "Asteroids/Field/Late-game ramps"
field.damage_ramp_per_minute default=6.0 min=0.0 max=60.0 FloatKnob NEW_SPAWNS "Asteroids/Field/Late-game ramps"
field.damage_ramp_start default=8.0 min=0.0 max=60.0 FloatKnob NEW_SPAWNS "Asteroids/Field/Late-game ramps"
field.health_ramp_doubling default=4.5 min=0.45 max=45.0 FloatKnob NEW_SPAWNS "Asteroids/Field/Late-game ramps"
field.health_ramp_start default=8.0 min=0.0 max=60.0 FloatKnob NEW_SPAWNS "Asteroids/Field/Late-game ramps"
field.max_speed_factor default=7.0 min=0.7 max=70.0 FloatKnob NEW_SPAWNS "Asteroids/Field/Spawning"
field.peak_difficulty default=4.0 min=1.1 max=20.0 FloatKnob LIVE "Asteroids/Field/Astro Loop curve"
field.peak_minute default=8.0 min=1.0 max=30.0 FloatKnob LIVE "Asteroids/Field/Astro Loop curve"
field.post_peak_slope default=0.4 min=0.0 max=4.0 FloatKnob LIVE "Asteroids/Field/Astro Loop curve"
field.spawn_interval default=2.0 min=0.2 max=20.0 FloatKnob LIVE "Asteroids/Field/Spawning"
field.spawn_interval_decay default=0.15 min=0.0 max=1.0 FloatKnob LIVE "Asteroids/Field/Spawning"
field.spawn_interval_min default=0.3 min=0.030000001 max=3.0 FloatKnob LIVE "Asteroids/Field/Spawning"
field.speed_growth default=0.15 min=0.0 max=1.0 FloatKnob NEW_SPAWNS "Asteroids/Field/Spawning"
flak_barrage.area default=1.0 min=0.25 max=4.0 FloatKnob LIVE "Weapons/Flak Barrage"
flak_barrage.count default=5.0 min=1.0 max=20.0 IntKnob LIVE "Weapons/Flak Barrage"
flak_barrage.damage default=25.0 min=2.5 max=250.0 FloatKnob LIVE "Weapons/Flak Barrage"
flak_barrage.explosion_frac default=0.7 min=0.07 max=7.0 FloatKnob LIVE "Weapons/Flak Barrage"
flak_barrage.explosion_radius default=60.0 min=6.0 max=600.0 FloatKnob LIVE "Weapons/Flak Barrage"
flak_barrage.fuse default=1.5 min=0.15 max=15.0 FloatKnob LIVE "Weapons/Flak Barrage"
flak_barrage.jitter default=0.1 min=0.0 max=1.0 FloatKnob LIVE "Weapons/Flak Barrage"
flak_barrage.rate default=0.5 min=0.5 max=1.0 EvoRateKnob LIVE "Weapons/Flak Barrage"
flak_barrage.shell_radius default=6.0 min=0.6 max=60.0 FloatKnob LIVE "Weapons/Flak Barrage"
flak_barrage.speed default=450.0 min=112.5 max=1800.0 FloatKnob LIVE "Weapons/Flak Barrage"
flak_barrage.spread default=0.15 min=0.015000001 max=1.5 FloatKnob LIVE "Weapons/Flak Barrage"
flak_cannon.area default=1.0 min=0.25 max=4.0 FloatKnob LIVE "Weapons/Flak Cannon"
flak_cannon.cooldown default=8.0 min=1.0 max=32.0 SixteenthsKnob LIVE "Weapons/Flak Cannon"
flak_cannon.count default=1.0 min=1.0 max=12.0 IntKnob LIVE "Weapons/Flak Cannon"
flak_cannon.damage default=44.0 min=4.4 max=440.0 FloatKnob LIVE "Weapons/Flak Cannon"
flak_cannon.explosion_frac default=0.7 min=0.07 max=7.0 FloatKnob LIVE "Weapons/Flak Cannon"
flak_cannon.explosion_radius default=60.0 min=6.0 max=600.0 FloatKnob LIVE "Weapons/Flak Cannon"
flak_cannon.fuse default=1.5 min=0.15 max=15.0 FloatKnob LIVE "Weapons/Flak Cannon"
flak_cannon.jitter default=0.1 min=0.0 max=1.0 FloatKnob LIVE "Weapons/Flak Cannon"
flak_cannon.shell_radius default=6.0 min=0.6 max=60.0 FloatKnob LIVE "Weapons/Flak Cannon"
flak_cannon.speed default=400.0 min=100.0 max=1600.0 FloatKnob LIVE "Weapons/Flak Cannon"
flak_cannon.spread default=0.15 min=0.015000001 max=1.5 FloatKnob LIVE "Weapons/Flak Cannon"
frost_ring.area default=1.0 min=0.25 max=4.0 FloatKnob LIVE "Weapons/Frost Ring"
frost_ring.damage default=20.0 min=2.0 max=200.0 FloatKnob LIVE "Weapons/Frost Ring"
frost_ring.inner_count default=6.0 min=1.0 max=24.0 IntKnob ON_EDITOR_CLOSE "Weapons/Frost Ring"
frost_ring.inner_radius default=110.0 min=11.0 max=1100.0 FloatKnob LIVE "Weapons/Frost Ring"
frost_ring.inner_speed default=3.5 min=0.35 max=35.0 FloatKnob LIVE "Weapons/Frost Ring"
frost_ring.orb_radius default=10.0 min=1.0 max=100.0 FloatKnob ON_EDITOR_CLOSE "Weapons/Frost Ring"
frost_ring.outer_count default=12.0 min=1.0 max=48.0 IntKnob ON_EDITOR_CLOSE "Weapons/Frost Ring"
frost_ring.outer_radius default=225.0 min=22.5 max=2250.0 FloatKnob LIVE "Weapons/Frost Ring"
frost_ring.outer_speed default=2.5 min=0.25 max=25.0 FloatKnob LIVE "Weapons/Frost Ring"
frost_ring.rate default=0.5 min=0.5 max=1.0 EvoRateKnob LIVE "Weapons/Frost Ring"
glass_cannon.damage_bonus default=1.0 min=0.1 max=10.0 FloatKnob ON_EDITOR_CLOSE "Passives/Glass Cannon"
homing_missiles.cooldown default=8.0 min=1.0 max=32.0 SixteenthsKnob LIVE "Weapons/Homing Missiles"
homing_missiles.count default=1.0 min=1.0 max=12.0 IntKnob LIVE "Weapons/Homing Missiles"
homing_missiles.damage default=35.0 min=3.5 max=350.0 FloatKnob LIVE "Weapons/Homing Missiles"
homing_missiles.fan default=0.3 min=0.030000001 max=3.0 FloatKnob LIVE "Weapons/Homing Missiles"
homing_missiles.homing default=3.5 min=0.35 max=35.0 FloatKnob LIVE "Weapons/Homing Missiles"
homing_missiles.lifetime default=4.0 min=0.4 max=40.0 FloatKnob LIVE "Weapons/Homing Missiles"
homing_missiles.speed default=350.0 min=87.5 max=1400.0 FloatKnob LIVE "Weapons/Homing Missiles"
hunter_killer.area default=1.0 min=0.25 max=4.0 FloatKnob LIVE "Weapons/Hunter-Killer"
hunter_killer.bomblet_frac default=0.3 min=0.030000001 max=3.0 FloatKnob LIVE "Weapons/Hunter-Killer"
hunter_killer.bomblet_radius_frac default=0.6 min=0.060000002 max=6.0 FloatKnob LIVE "Weapons/Hunter-Killer"
hunter_killer.bomblets default=7.0 min=0.0 max=30.0 IntKnob LIVE "Weapons/Hunter-Killer"
hunter_killer.count default=1.0 min=1.0 max=12.0 IntKnob LIVE "Weapons/Hunter-Killer"
hunter_killer.damage default=60.0 min=6.0 max=600.0 FloatKnob LIVE "Weapons/Hunter-Killer"
hunter_killer.explosion_frac default=0.3 min=0.030000001 max=3.0 FloatKnob LIVE "Weapons/Hunter-Killer"
hunter_killer.explosion_radius default=80.0 min=8.0 max=800.0 FloatKnob LIVE "Weapons/Hunter-Killer"
hunter_killer.fragment_frac default=0.15 min=0.015000001 max=1.5 FloatKnob LIVE "Weapons/Hunter-Killer"
hunter_killer.homing default=3.5 min=0.35 max=35.0 FloatKnob LIVE "Weapons/Hunter-Killer"
hunter_killer.lifetime default=6.0 min=0.6 max=60.0 FloatKnob LIVE "Weapons/Hunter-Killer"
hunter_killer.rate default=0.5 min=0.5 max=1.0 EvoRateKnob LIVE "Weapons/Hunter-Killer"
hunter_killer.speed default=200.0 min=50.0 max=800.0 FloatKnob LIVE "Weapons/Hunter-Killer"
ion_orbiters.area default=1.0 min=0.25 max=4.0 FloatKnob LIVE "Weapons/Ion Orbiters"
ion_orbiters.cooldown default=32.0 min=1.0 max=32.0 SixteenthsKnob LIVE "Weapons/Ion Orbiters"
ion_orbiters.count default=2.0 min=1.0 max=12.0 IntKnob ON_EDITOR_CLOSE "Weapons/Ion Orbiters"
ion_orbiters.count_growth default=1.0 min=0.0 max=10.0 IntKnob ON_EDITOR_CLOSE "Weapons/Ion Orbiters"
ion_orbiters.damage default=19.0 min=1.9 max=190.0 FloatKnob LIVE "Weapons/Ion Orbiters"
ion_orbiters.orb_radius default=10.0 min=1.0 max=100.0 FloatKnob ON_EDITOR_CLOSE "Weapons/Ion Orbiters"
ion_orbiters.orbit_radius_l1 default=70.0 min=7.0 max=700.0 FloatKnob LIVE "Weapons/Ion Orbiters"
ion_orbiters.orbit_radius_l2 default=85.0 min=8.5 max=850.0 FloatKnob LIVE "Weapons/Ion Orbiters"
ion_orbiters.orbit_radius_l3 default=100.0 min=10.0 max=1000.0 FloatKnob LIVE "Weapons/Ion Orbiters"
ion_orbiters.orbit_radius_l4 default=105.0 min=10.5 max=1050.0 FloatKnob LIVE "Weapons/Ion Orbiters"
ion_orbiters.orbit_radius_l5 default=110.0 min=11.0 max=1100.0 FloatKnob LIVE "Weapons/Ion Orbiters"
ion_orbiters.orbit_speed default=3.0 min=0.3 max=30.0 FloatKnob LIVE "Weapons/Ion Orbiters"
ion_orbiters.orbit_speed_per_level default=0.3 min=0.0 max=3.0 FloatKnob LIVE "Weapons/Ion Orbiters"
jackpot_mines.count default=3.0 min=1.0 max=12.0 IntKnob LIVE "Weapons/Gambler's Mines"
jackpot_mines.damage default=90.0 min=9.0 max=900.0 FloatKnob LIVE "Weapons/Gambler's Mines"
jackpot_mines.explosion_radius default=80.0 min=8.0 max=800.0 FloatKnob LIVE "Weapons/Gambler's Mines"
jackpot_mines.lifetime default=30.0 min=3.0 max=300.0 FloatKnob NEW_SPAWNS "Weapons/Gambler's Mines"
jackpot_mines.mine_radius default=12.0 min=1.2 max=120.0 FloatKnob NEW_SPAWNS "Weapons/Gambler's Mines"
jackpot_mines.rate default=1.0 min=0.5 max=1.0 EvoRateKnob LIVE "Weapons/Gambler's Mines"
leech_burst.area default=1.0 min=0.25 max=4.0 FloatKnob LIVE "Weapons/Leech Burst"
leech_burst.count default=13.0 min=1.0 max=52.0 IntKnob LIVE "Weapons/Leech Burst"
leech_burst.damage default=12.0 min=1.2 max=120.0 FloatKnob LIVE "Weapons/Leech Burst"
leech_burst.lifetime default=1.5 min=0.15 max=15.0 FloatKnob LIVE "Weapons/Leech Burst"
leech_burst.pellet_radius default=3.0 min=0.3 max=30.0 FloatKnob LIVE "Weapons/Leech Burst"
leech_burst.rate default=0.5 min=0.5 max=1.0 EvoRateKnob LIVE "Weapons/Leech Burst"
leech_burst.speed default=550.0 min=137.5 max=2200.0 FloatKnob LIVE "Weapons/Leech Burst"
lingering_nova.area default=1.0 min=0.25 max=4.0 FloatKnob LIVE "Weapons/Lingering Nova"
lingering_nova.blast_radius default=360.0 min=36.0 max=3600.0 FloatKnob LIVE "Weapons/Lingering Nova"
lingering_nova.damage default=30.0 min=3.0 max=300.0 FloatKnob LIVE "Weapons/Lingering Nova"
lingering_nova.rate default=1.0 min=0.5 max=1.0 EvoRateKnob LIVE "Weapons/Lingering Nova"
lucky_star.drop_bonus default=0.5 min=0.05 max=5.0 FloatKnob ON_EDITOR_CLOSE "Passives/Lucky Star"
magnet_field.range_per_stack default=0.3 min=0.030000001 max=3.0 FloatKnob ON_EDITOR_CLOSE "Passives/Magnet Field"
momentum_drive.damage_per_stack default=0.08 min=0.007999999 max=0.79999995 FloatKnob ON_EDITOR_CLOSE "Passives/Momentum Drive"
nano_repair.regen_per_stack default=0.4 min=0.04 max=4.0 FloatKnob ON_EDITOR_CLOSE "Passives/Nano Repair"
needle_gun.cooldown default=2.0 min=1.0 max=32.0 SixteenthsKnob LIVE "Weapons/Needle Gun"
needle_gun.count default=3.0 min=1.0 max=12.0 IntKnob LIVE "Weapons/Needle Gun"
needle_gun.count_growth default=1.0 min=0.0 max=10.0 IntKnob LIVE "Weapons/Needle Gun"
needle_gun.damage default=5.0 min=0.5 max=50.0 FloatKnob LIVE "Weapons/Needle Gun"
needle_gun.lifetime default=2.0 min=0.2 max=20.0 FloatKnob LIVE "Weapons/Needle Gun"
needle_gun.pierce default=3.0 min=1.0 max=50.0 IntKnob LIVE "Weapons/Needle Gun"
needle_gun.speed default=800.0 min=200.0 max=3200.0 FloatKnob LIVE "Weapons/Needle Gun"
needle_gun.spread default=0.08 min=0.007999999 max=0.79999995 FloatKnob LIVE "Weapons/Needle Gun"
nova_blast.area default=1.0 min=0.25 max=4.0 FloatKnob LIVE "Weapons/Nova Blast"
nova_blast.blast_radius_l1 default=180.0 min=18.0 max=1800.0 FloatKnob LIVE "Weapons/Nova Blast"
nova_blast.blast_radius_l2 default=234.0 min=23.4 max=2340.0 FloatKnob LIVE "Weapons/Nova Blast"
nova_blast.blast_radius_l3 default=281.0 min=28.1 max=2810.0 FloatKnob LIVE "Weapons/Nova Blast"
nova_blast.blast_radius_l4 default=316.0 min=31.6 max=3160.0 FloatKnob LIVE "Weapons/Nova Blast"
nova_blast.blast_radius_l5 default=351.0 min=35.1 max=3510.0 FloatKnob LIVE "Weapons/Nova Blast"
nova_blast.cooldown default=32.0 min=1.0 max=32.0 SixteenthsKnob LIVE "Weapons/Nova Blast"
nova_blast.damage default=40.0 min=4.0 max=400.0 FloatKnob LIVE "Weapons/Nova Blast"
oblivion_beam.damage default=18.0 min=1.8 max=180.0 FloatKnob LIVE "Weapons/Oblivion Beam"
oblivion_beam.half_width default=10.0 min=1.0 max=100.0 FloatKnob LIVE "Weapons/Oblivion Beam"
oblivion_beam.length default=1600.0 min=160.0 max=16000.0 FloatKnob LIVE "Weapons/Oblivion Beam"
oblivion_beam.tick_ms default=100.0 min=20.0 max=1000.0 IntKnob LIVE "Weapons/Oblivion Beam"
phoenix_core.extra_lives default=1.0 min=0.0 max=5.0 IntKnob ON_EDITOR_CLOSE "Passives/Phoenix Core"
phoenix_flare.area default=1.0 min=0.25 max=4.0 FloatKnob LIVE "Weapons/Phoenix Flare"
phoenix_flare.count default=8.0 min=1.0 max=32.0 IntKnob LIVE "Weapons/Phoenix Flare"
phoenix_flare.damage default=50.0 min=5.0 max=500.0 FloatKnob LIVE "Weapons/Phoenix Flare"
phoenix_flare.pierce default=20.0 min=1.0 max=200.0 IntKnob LIVE "Weapons/Phoenix Flare"
phoenix_flare.rate default=1.0 min=0.5 max=1.0 EvoRateKnob LIVE "Weapons/Phoenix Flare"
phoenix_flare.ring_lifetime_l1 default=0.7 min=0.07 max=7.0 FloatKnob LIVE "Weapons/Phoenix Flare"
phoenix_flare.ring_lifetime_l2 default=0.65 min=0.065 max=6.5 FloatKnob LIVE "Weapons/Phoenix Flare"
phoenix_flare.ring_lifetime_l3 default=0.6 min=0.060000002 max=6.0 FloatKnob LIVE "Weapons/Phoenix Flare"
phoenix_flare.ring_radius default=35.0 min=3.5 max=350.0 FloatKnob LIVE "Weapons/Phoenix Flare"
phoenix_flare.ring_speed_l1 default=350.0 min=35.0 max=3500.0 FloatKnob LIVE "Weapons/Phoenix Flare"
phoenix_flare.ring_speed_l2 default=650.0 min=65.0 max=6500.0 FloatKnob LIVE "Weapons/Phoenix Flare"
phoenix_flare.ring_speed_l3 default=950.0 min=95.0 max=9500.0 FloatKnob LIVE "Weapons/Phoenix Flare"
pulse_cannon.cooldown default=4.0 min=1.0 max=32.0 SixteenthsKnob LIVE "Weapons/Pulse Cannon"
pulse_cannon.count default=1.0 min=1.0 max=12.0 IntKnob LIVE "Weapons/Pulse Cannon"
pulse_cannon.damage default=15.0 min=1.5 max=150.0 FloatKnob LIVE "Weapons/Pulse Cannon"
pulse_cannon.lifetime default=2.0 min=0.2 max=20.0 FloatKnob LIVE "Weapons/Pulse Cannon"
pulse_cannon.speed default=600.0 min=150.0 max=2400.0 FloatKnob LIVE "Weapons/Pulse Cannon"
pulse_cannon.spread default=0.2617994 min=0.02617994 max=2.6179938 FloatKnob LIVE "Weapons/Pulse Cannon"
railgun.cooldown default=12.0 min=1.0 max=32.0 SixteenthsKnob LIVE "Weapons/Railgun"
railgun.count default=1.0 min=1.0 max=12.0 IntKnob LIVE "Weapons/Railgun"
railgun.damage default=80.0 min=8.0 max=800.0 FloatKnob LIVE "Weapons/Railgun"
railgun.lifetime default=3.0 min=0.3 max=30.0 FloatKnob LIVE "Weapons/Railgun"
railgun.pierce default=10.0 min=1.0 max=100.0 IntKnob LIVE "Weapons/Railgun"
railgun.shot_radius_l1 default=4.0 min=0.4 max=40.0 FloatKnob LIVE "Weapons/Railgun"
railgun.shot_radius_l2 default=5.5 min=0.55 max=55.0 FloatKnob LIVE "Weapons/Railgun"
railgun.shot_radius_l3 default=7.0 min=0.7 max=70.0 FloatKnob LIVE "Weapons/Railgun"
railgun.shot_radius_l4 default=8.5 min=0.85 max=85.0 FloatKnob LIVE "Weapons/Railgun"
railgun.shot_radius_l5 default=10.0 min=1.0 max=100.0 FloatKnob LIVE "Weapons/Railgun"
railgun.shot_width_l1 default=3.0 min=0.3 max=30.0 FloatKnob LIVE "Weapons/Railgun"
railgun.shot_width_l2 default=5.0 min=0.5 max=50.0 FloatKnob LIVE "Weapons/Railgun"
railgun.shot_width_l3 default=7.0 min=0.7 max=70.0 FloatKnob LIVE "Weapons/Railgun"
railgun.shot_width_l4 default=9.0 min=0.9 max=90.0 FloatKnob LIVE "Weapons/Railgun"
railgun.shot_width_l5 default=11.0 min=1.1 max=110.0 FloatKnob LIVE "Weapons/Railgun"
railgun.speed default=2000.0 min=500.0 max=8000.0 FloatKnob LIVE "Weapons/Railgun"
revenge_protocol.seconds_per_stack default=2.0 min=0.2 max=20.0 FloatKnob LIVE "Passives/Revenge Protocol"
scatter_shot.area default=1.0 min=0.25 max=4.0 FloatKnob LIVE "Weapons/Scatter Shot"
scatter_shot.cone default=0.5235988 min=0.05235988 max=5.2359877 FloatKnob LIVE "Weapons/Scatter Shot"
scatter_shot.cooldown default=8.0 min=1.0 max=32.0 SixteenthsKnob LIVE "Weapons/Scatter Shot"
scatter_shot.count default=5.0 min=1.0 max=20.0 IntKnob LIVE "Weapons/Scatter Shot"
scatter_shot.count_growth default=2.0 min=0.0 max=10.0 IntKnob LIVE "Weapons/Scatter Shot"
scatter_shot.damage default=10.0 min=1.0 max=100.0 FloatKnob LIVE "Weapons/Scatter Shot"
scatter_shot.lifetime default=1.5 min=0.15 max=15.0 FloatKnob LIVE "Weapons/Scatter Shot"
scatter_shot.pellet_radius default=3.0 min=0.3 max=30.0 FloatKnob LIVE "Weapons/Scatter Shot"
scatter_shot.speed default=500.0 min=125.0 max=2000.0 FloatKnob LIVE "Weapons/Scatter Shot"
siphon_needles.count default=7.0 min=1.0 max=28.0 IntKnob LIVE "Weapons/Siphon Needles"
siphon_needles.damage default=9.0 min=0.9 max=90.0 FloatKnob LIVE "Weapons/Siphon Needles"
siphon_needles.heal_per_hit default=0.1 min=0.0 max=5.0 FloatKnob LIVE "Weapons/Siphon Needles"
siphon_needles.lifetime default=2.0 min=0.2 max=20.0 FloatKnob LIVE "Weapons/Siphon Needles"
siphon_needles.pierce default=1.0 min=1.0 max=50.0 IntKnob LIVE "Weapons/Siphon Needles"
siphon_needles.rate default=1.0 min=0.5 max=1.0 EvoRateKnob LIVE "Weapons/Siphon Needles"
siphon_needles.speed default=900.0 min=225.0 max=3600.0 FloatKnob LIVE "Weapons/Siphon Needles"
siphon_needles.spread default=0.08 min=0.007999999 max=0.79999995 FloatKnob LIVE "Weapons/Siphon Needles"
solar_storm.cooldown default=16.0 min=1.0 max=32.0 SixteenthsKnob LIVE "Weapons/Solar Storm"
solar_storm.count default=1.0 min=1.0 max=12.0 IntKnob LIVE "Weapons/Solar Storm"
solar_storm.damage default=29.0 min=2.9 max=290.0 FloatKnob LIVE "Weapons/Solar Storm"
space_mines.area default=1.0 min=0.25 max=4.0 FloatKnob LIVE "Weapons/Space Mines"
space_mines.cooldown default=16.0 min=1.0 max=32.0 SixteenthsKnob LIVE "Weapons/Space Mines"
space_mines.count default=1.0 min=1.0 max=12.0 IntKnob LIVE "Weapons/Space Mines"
space_mines.count_growth default=0.5 min=0.0 max=5.0 FloatKnob LIVE "Weapons/Space Mines"
space_mines.damage default=60.0 min=6.0 max=600.0 FloatKnob LIVE "Weapons/Space Mines"
space_mines.explosion_radius_l1 default=40.0 min=4.0 max=400.0 FloatKnob LIVE "Weapons/Space Mines"
space_mines.explosion_radius_l2 default=80.0 min=8.0 max=800.0 FloatKnob LIVE "Weapons/Space Mines"
space_mines.explosion_radius_l3 default=80.0 min=8.0 max=800.0 FloatKnob LIVE "Weapons/Space Mines"
space_mines.explosion_radius_l4 default=110.0 min=11.0 max=1100.0 FloatKnob LIVE "Weapons/Space Mines"
space_mines.explosion_radius_l5 default=110.0 min=11.0 max=1100.0 FloatKnob LIVE "Weapons/Space Mines"
space_mines.lifetime default=30.0 min=3.0 max=300.0 FloatKnob NEW_SPAWNS "Weapons/Space Mines"
space_mines.mine_radius default=12.0 min=1.2 max=120.0 FloatKnob NEW_SPAWNS "Weapons/Space Mines"
space_mines.spawn_delay default=0.2 min=0.02 max=2.0 FloatKnob LIVE "Weapons/Space Mines"
storm_cannon.count default=3.0 min=1.0 max=12.0 IntKnob LIVE "Weapons/Storm Cannon"
storm_cannon.damage default=18.0 min=1.8 max=180.0 FloatKnob LIVE "Weapons/Storm Cannon"
storm_cannon.lifetime default=2.0 min=0.2 max=20.0 FloatKnob LIVE "Weapons/Storm Cannon"
storm_cannon.rate default=0.5 min=0.5 max=1.0 EvoRateKnob LIVE "Weapons/Storm Cannon"
storm_cannon.speed default=700.0 min=175.0 max=2800.0 FloatKnob LIVE "Weapons/Storm Cannon"
storm_cannon.spiral_step default=0.5235988 min=0.05235988 max=5.2359877 FloatKnob LIVE "Weapons/Storm Cannon"
vampiric_core.leech_per_stack default=0.1 min=0.01 max=1.0 FloatKnob LIVE "Passives/Vampiric Core"
vampiric_core.max_targets default=6.0 min=1.0 max=30.0 IntKnob LIVE "Passives/Vampiric Core"
vampiric_core.range default=100.0 min=10.0 max=1000.0 FloatKnob LIVE "Passives/Vampiric Core"
vampiric_core.tick default=0.2 min=0.02 max=2.0 FloatKnob LIVE "Passives/Vampiric Core"
warp_saw.damage default=15.0 min=1.5 max=150.0 FloatKnob LIVE "Weapons/Warp Saw"
warp_saw.disc_radius default=55.0 min=5.5 max=550.0 FloatKnob LIVE "Weapons/Warp Saw"
warp_saw.leash default=600.0 min=60.0 max=6000.0 FloatKnob LIVE "Weapons/Warp Saw"
warp_saw.reach default=125.0 min=12.5 max=1250.0 FloatKnob LIVE "Weapons/Warp Saw"
warp_saw.roam_speed default=450.0 min=45.0 max=4500.0 FloatKnob LIVE "Weapons/Warp Saw"
warp_saw.tick_ms default=100.0 min=20.0 max=1000.0 IntKnob LIVE "Weapons/Warp Saw"
warp_saw.warp_duration default=0.3 min=0.030000001 max=3.0 FloatKnob LIVE "Weapons/Warp Saw"
